// Jest Snapshot v1, https://goo.gl/fbAQLP

exports[`Tests on <GifGridItem /> should show the component correctly 1`] = `
<div
  className="card  animate__animated animate__backInRight"
>
  <img />
  <p />
</div>
`;
